
> lexmex@1.0.0 build
> next build

  Ôû▓ Next.js 14.2.15
  - Environments: .env.local, .env

   Creating an optimized production build ...
Failed to compile.

./app/globals.css.webpack[javascript/auto]!=!./node_modules/next/dist/build/webpack/loaders/css-loader/src/index.js??ruleSet[1].rules[14].oneOf[12].use[2]!./node_modules/next/dist/build/webpack/loaders/postcss-loader/src/index.js??ruleSet[1].rules[14].oneOf[12].use[3]!./app/globals.css
Error: Cannot find module '@tailwindcss/postcss'
Require stack:
- C:\Users\cp_an\OneDrive\Escritorio\PROYECTOS IA\LEXMEX IA\node_modules\next\dist\build\webpack\config\blocks\css\plugins.js
- C:\Users\cp_an\OneDrive\Escritorio\PROYECTOS IA\LEXMEX IA\node_modules\next\dist\build\webpack\config\blocks\css\index.js
- C:\Users\cp_an\OneDrive\Escritorio\PROYECTOS IA\LEXMEX IA\node_modules\next\dist\build\webpack\config\index.js
- C:\Users\cp_an\OneDrive\Escritorio\PROYECTOS IA\LEXMEX IA\node_modules\next\dist\build\webpack-config.js
- C:\Users\cp_an\OneDrive\Escritorio\PROYECTOS IA\LEXMEX IA\node_modules\next\dist\build\webpack-build\impl.js
- C:\Users\cp_an\OneDrive\Escritorio\PROYECTOS IA\LEXMEX IA\node_modules\next\dist\compiled\jest-worker\processChild.js
    at Module.<anonymous> (node:internal/modules/cjs/loader:1456:15)
    at C:\Users\cp_an\OneDrive\Escritorio\PROYECTOS IA\LEXMEX IA\node_modules\next\dist\server\require-hook.js:55:36
    at require.resolve (node:internal/modules/helpers:163:19)
    at loadPlugin (C:\Users\cp_an\OneDrive\Escritorio\PROYECTOS IA\LEXMEX IA\node_modules\next\dist\build\webpack\config\blocks\css\plugins.js:49:32)
    at C:\Users\cp_an\OneDrive\Escritorio\PROYECTOS IA\LEXMEX IA\node_modules\next\dist\build\webpack\config\blocks\css\plugins.js:157:56
    at Array.map (<anonymous>)
    at getPostCssPlugins (C:\Users\cp_an\OneDrive\Escritorio\PROYECTOS IA\LEXMEX IA\node_modules\next\dist\build\webpack\config\blocks\css\plugins.js:157:47)
    at async C:\Users\cp_an\OneDrive\Escritorio\PROYECTOS IA\LEXMEX IA\node_modules\next\dist\build\webpack\config\blocks\css\index.js:124:36
    at async C:\Users\cp_an\OneDrive\Escritorio\PROYECTOS IA\LEXMEX IA\node_modules\next\dist\build\webpack\loaders\postcss-loader\src\index.js:51:40
    at async Span.traceAsyncFn (C:\Users\cp_an\OneDrive\Escritorio\PROYECTOS IA\LEXMEX IA\node_modules\next\dist\trace\trace.js:154:20)

Import trace for requested module:
./app/globals.css.webpack[javascript/auto]!=!./node_modules/next/dist/build/webpack/loaders/css-loader/src/index.js??ruleSet[1].rules[14].oneOf[12].use[2]!./node_modules/next/dist/build/webpack/loaders/postcss-loader/src/index.js??ruleSet[1].rules[14].oneOf[12].use[3]!./app/globals.css
./app/globals.css

./app/globals.css
Error: Cannot find module '@tailwindcss/postcss'
Require stack:
- C:\Users\cp_an\OneDrive\Escritorio\PROYECTOS IA\LEXMEX IA\node_modules\next\dist\build\webpack\config\blocks\css\plugins.js
- C:\Users\cp_an\OneDrive\Escritorio\PROYECTOS IA\LEXMEX IA\node_modules\next\dist\build\webpack\config\blocks\css\index.js
- C:\Users\cp_an\OneDrive\Escritorio\PROYECTOS IA\LEXMEX IA\node_modules\next\dist\build\webpack\config\index.js
- C:\Users\cp_an\OneDrive\Escritorio\PROYECTOS IA\LEXMEX IA\node_modules\next\dist\build\webpack-config.js
- C:\Users\cp_an\OneDrive\Escritorio\PROYECTOS IA\LEXMEX IA\node_modules\next\dist\build\webpack-build\impl.js
- C:\Users\cp_an\OneDrive\Escritorio\PROYECTOS IA\LEXMEX IA\node_modules\next\dist\compiled\jest-worker\processChild.js
    at Module.<anonymous> (node:internal/modules/cjs/loader:1456:15)
    at C:\Users\cp_an\OneDrive\Escritorio\PROYECTOS IA\LEXMEX IA\node_modules\next\dist\server\require-hook.js:55:36
    at require.resolve (node:internal/modules/helpers:163:19)
    at loadPlugin (C:\Users\cp_an\OneDrive\Escritorio\PROYECTOS IA\LEXMEX IA\node_modules\next\dist\build\webpack\config\blocks\css\plugins.js:49:32)
    at C:\Users\cp_an\OneDrive\Escritorio\PROYECTOS IA\LEXMEX IA\node_modules\next\dist\build\webpack\config\blocks\css\plugins.js:157:56
    at Array.map (<anonymous>)
    at getPostCssPlugins (C:\Users\cp_an\OneDrive\Escritorio\PROYECTOS IA\LEXMEX IA\node_modules\next\dist\build\webpack\config\blocks\css\plugins.js:157:47)
    at async C:\Users\cp_an\OneDrive\Escritorio\PROYECTOS IA\LEXMEX IA\node_modules\next\dist\build\webpack\config\blocks\css\index.js:124:36
    at async C:\Users\cp_an\OneDrive\Escritorio\PROYECTOS IA\LEXMEX IA\node_modules\next\dist\build\webpack\loaders\postcss-loader\src\index.js:51:40
    at async Span.traceAsyncFn (C:\Users\cp_an\OneDrive\Escritorio\PROYECTOS IA\LEXMEX IA\node_modules\next\dist\trace\trace.js:154:20)
    at tryRunOrWebpackError (C:\Users\cp_an\OneDrive\Escritorio\PROYECTOS IA\LEXMEX IA\node_modules\next\dist\compiled\webpack\bundle5.js:28:312989)
    at __webpack_require_module__ (C:\Users\cp_an\OneDrive\Escritorio\PROYECTOS IA\LEXMEX IA\node_modules\next\dist\compiled\webpack\bundle5.js:28:131165)
    at __nested_webpack_require_153728__ (C:\Users\cp_an\OneDrive\Escritorio\PROYECTOS IA\LEXMEX IA\node_modules\next\dist\compiled\webpack\bundle5.js:28:130607)
    at C:\Users\cp_an\OneDrive\Escritorio\PROYECTOS IA\LEXMEX IA\node_modules\next\dist\compiled\webpack\bundle5.js:28:131454
    at symbolIterator (C:\Users\cp_an\OneDrive\Escritorio\PROYECTOS IA\LEXMEX IA\node_modules\next\dist\compiled\neo-async\async.js:1:14444)
    at done (C:\Users\cp_an\OneDrive\Escritorio\PROYECTOS IA\LEXMEX IA\node_modules\next\dist\compiled\neo-async\async.js:1:14824)
    at Hook.eval [as callAsync] (eval at create (C:\Users\cp_an\OneDrive\Escritorio\PROYECTOS IA\LEXMEX IA\node_modules\next\dist\compiled\webpack\bundle5.js:13:28858), <anonymous>:15:1)
    at Hook.CALL_ASYNC_DELEGATE [as _callAsync] (C:\Users\cp_an\OneDrive\Escritorio\PROYECTOS IA\LEXMEX IA\node_modules\next\dist\compiled\webpack\bundle5.js:13:26012)
    at C:\Users\cp_an\OneDrive\Escritorio\PROYECTOS IA\LEXMEX IA\node_modules\next\dist\compiled\webpack\bundle5.js:28:130328
    at symbolIterator (C:\Users\cp_an\OneDrive\Escritorio\PROYECTOS IA\LEXMEX IA\node_modules\next\dist\compiled\neo-async\async.js:1:14402)
-- inner error --
Error: Cannot find module '@tailwindcss/postcss'
Require stack:
- C:\Users\cp_an\OneDrive\Escritorio\PROYECTOS IA\LEXMEX IA\node_modules\next\dist\build\webpack\config\blocks\css\plugins.js
- C:\Users\cp_an\OneDrive\Escritorio\PROYECTOS IA\LEXMEX IA\node_modules\next\dist\build\webpack\config\blocks\css\index.js
- C:\Users\cp_an\OneDrive\Escritorio\PROYECTOS IA\LEXMEX IA\node_modules\next\dist\build\webpack\config\index.js
- C:\Users\cp_an\OneDrive\Escritorio\PROYECTOS IA\LEXMEX IA\node_modules\next\dist\build\webpack-config.js
- C:\Users\cp_an\OneDrive\Escritorio\PROYECTOS IA\LEXMEX IA\node_modules\next\dist\build\webpack-build\impl.js
- C:\Users\cp_an\OneDrive\Escritorio\PROYECTOS IA\LEXMEX IA\node_modules\next\dist\compiled\jest-worker\processChild.js
    at Module.<anonymous> (node:internal/modules/cjs/loader:1456:15)
    at C:\Users\cp_an\OneDrive\Escritorio\PROYECTOS IA\LEXMEX IA\node_modules\next\dist\server\require-hook.js:55:36
    at require.resolve (node:internal/modules/helpers:163:19)
    at loadPlugin (C:\Users\cp_an\OneDrive\Escritorio\PROYECTOS IA\LEXMEX IA\node_modules\next\dist\build\webpack\config\blocks\css\plugins.js:49:32)
    at C:\Users\cp_an\OneDrive\Escritorio\PROYECTOS IA\LEXMEX IA\node_modules\next\dist\build\webpack\config\blocks\css\plugins.js:157:56
    at Array.map (<anonymous>)
    at getPostCssPlugins (C:\Users\cp_an\OneDrive\Escritorio\PROYECTOS IA\LEXMEX IA\node_modules\next\dist\build\webpack\config\blocks\css\plugins.js:157:47)
    at async C:\Users\cp_an\OneDrive\Escritorio\PROYECTOS IA\LEXMEX IA\node_modules\next\dist\build\webpack\config\blocks\css\index.js:124:36
    at async C:\Users\cp_an\OneDrive\Escritorio\PROYECTOS IA\LEXMEX IA\node_modules\next\dist\build\webpack\loaders\postcss-loader\src\index.js:51:40
    at async Span.traceAsyncFn (C:\Users\cp_an\OneDrive\Escritorio\PROYECTOS IA\LEXMEX IA\node_modules\next\dist\trace\trace.js:154:20)
    at Object.<anonymous> (C:\Users\cp_an\OneDrive\Escritorio\PROYECTOS IA\LEXMEX IA\node_modules\next\dist\build\webpack\loaders\css-loader\src\index.js??ruleSet[1].rules[14].oneOf[12].use[2]!C:\Users\cp_an\OneDrive\Escritorio\PROYECTOS IA\LEXMEX IA\node_modules\next\dist\build\webpack\loaders\postcss-loader\src\index.js??ruleSet[1].rules[14].oneOf[12].use[3]!C:\Users\cp_an\OneDrive\Escritorio\PROYECTOS IA\LEXMEX IA\app\globals.css:1:7)
    at C:\Users\cp_an\OneDrive\Escritorio\PROYECTOS IA\LEXMEX IA\node_modules\next\dist\compiled\webpack\bundle5.js:28:922493
    at Hook.eval [as call] (eval at create (C:\Users\cp_an\OneDrive\Escritorio\PROYECTOS IA\LEXMEX IA\node_modules\next\dist\compiled\webpack\bundle5.js:13:28636), <anonymous>:7:1)
    at Hook.CALL_DELEGATE [as _call] (C:\Users\cp_an\OneDrive\Escritorio\PROYECTOS IA\LEXMEX IA\node_modules\next\dist\compiled\webpack\bundle5.js:13:25906)
    at C:\Users\cp_an\OneDrive\Escritorio\PROYECTOS IA\LEXMEX IA\node_modules\next\dist\compiled\webpack\bundle5.js:28:131198
    at tryRunOrWebpackError (C:\Users\cp_an\OneDrive\Escritorio\PROYECTOS IA\LEXMEX IA\node_modules\next\dist\compiled\webpack\bundle5.js:28:312943)
    at __webpack_require_module__ (C:\Users\cp_an\OneDrive\Escritorio\PROYECTOS IA\LEXMEX IA\node_modules\next\dist\compiled\webpack\bundle5.js:28:131165)
    at __nested_webpack_require_153728__ (C:\Users\cp_an\OneDrive\Escritorio\PROYECTOS IA\LEXMEX IA\node_modules\next\dist\compiled\webpack\bundle5.js:28:130607)
    at C:\Users\cp_an\OneDrive\Escritorio\PROYECTOS IA\LEXMEX IA\node_modules\next\dist\compiled\webpack\bundle5.js:28:131454
    at symbolIterator (C:\Users\cp_an\OneDrive\Escritorio\PROYECTOS IA\LEXMEX IA\node_modules\next\dist\compiled\neo-async\async.js:1:14444)

Generated code for C:\Users\cp_an\OneDrive\Escritorio\PROYECTOS IA\LEXMEX IA\node_modules\next\dist\build\webpack\loaders\css-loader\src\index.js??ruleSet[1].rules[14].oneOf[12].use[2]!C:\Users\cp_an\OneDrive\Escritorio\PROYECTOS IA\LEXMEX IA\node_modules\next\dist\build\webpack\loaders\postcss-loader\src\index.js??ruleSet[1].rules[14].oneOf[12].use[3]!C:\Users\cp_an\OneDrive\Escritorio\PROYECTOS IA\LEXMEX IA\app\globals.css

Import trace for requested module:
./app/globals.css


> Build failed because of webpack errors
